[beverleybeaversbadminton.club/index.html]
[backblue.gif]
[fade.gif]
[index.html]
[external.html]
[beverleybeaversbadminton.club/index.html]
[beverleybeaversbadminton.club/kids-club.html]
[beverleybeaversbadminton.club/club-nights.html]
[beverleybeaversbadminton.club/league-teams.html]
[beverleybeaversbadminton.club/gallery.html]
[fonts.googleapis.com/css79d8.css]
[beverleybeaversbadminton.club/social-wall.html]
[beverleybeaversbadminton.club/club-nights.html]
[beverleybeaversbadminton.club/kids-club.html]
[beverleybeaversbadminton.club/league-teams.html]
[beverleybeaversbadminton.club/gallery.html]
[beverleybeaversbadminton.club/social-wall.html]
[beverleybeaversbadminton.club/racket-stringing.html]
[beverleybeaversbadminton.club/racket-stringing.html]
[beverleybeaversbadminton.club/privacy-policy.html]
[beverleybeaversbadminton.club/contact.html]
[beverleybeaversbadminton.club/contact.html]
[beverleybeaversbadminton.club/privacy-policy.html]
[beverleybeaversbadminton.club/system/banners/images/000/000/006/std/badders-20192d83.jpg]
[beverleybeaversbadminton.club/system/asset_management/assets/assets/000/000/001/std/badminton-england-affiliated-club0b3d.png]
[www.google-analytics.com/analytics.js]
[beverleybeaversbadminton.club/assets/application-2dd45aec2d634f036241c7e2457fc7113954dac86eb3a817e21a2e85133a8884.js]
[beverleybeaversbadminton.club/assets/beverley_beavers_logo-7ce04fd0ffab39f7892f5ea37fb8c3fd6acb1845c51efc6c4f92f37c7f0bd284.png]
[beverleybeaversbadminton.club/assets/maps2-f5bf1bead7948d34b58d2fdc61fe52bb720bad93615f98bdca71cbc53c11cbc7.js]
[cdnjs.cloudflare.com/ajax/libs/wow/1.1.2/wow.min.js]
[beverleybeaversbadminton.club/system/banners/images/000/000/001/std/beavers-club-images-18be5.jpg]
[beverleybeaversbadminton.club/system/banners/images/000/000/004/std/beavers-club-images-26aa2.jpg]
[beverleybeaversbadminton.club/system/asset_management/assets/assets/000/000/041/full/DSC_0017-21a0a.jpg]
[beverleybeaversbadminton.club/javascripts/backgroundsize.min.32.delayed]
[beverleybeaversbadminton.club/assets/loading_light-e7c8362a83265cd15103ff75bdc3164373953eae560dc3e5d500db88d0afed2c.gif]
[beverleybeaversbadminton.club/system/asset_management/assets/assets/000/000/041/thumb/DSC_0017-21a0a.jpg]
[beverleybeaversbadminton.club/system/asset_management/assets/assets/000/000/040/full/DSC_0008-30697.jpg]
[beverleybeaversbadminton.club/system/asset_management/assets/assets/000/000/040/thumb/DSC_0008-30697.jpg]
[beverleybeaversbadminton.club/images/icons/move.png]
[beverleybeaversbadminton.club/assets/application-6c8ef543b7e1fbc6931e3b1c4d01fc81e6cf8aa189659db169d51416cf4c6d78.css]
[beverleybeaversbadminton.club/contact.html]
[beverleybeaversbadminton.club/contact.html]
[beverleybeaversbadminton.club/privacy-policy.html]
[beverleybeaversbadminton.club/privacy-policy.html]
[beverleybeaversbadminton.club/system/asset_management/assets/assets/000/000/042/full/DSC_0022-3161e.jpg]
[beverleybeaversbadminton.club/system/asset_management/assets/assets/000/000/042/thumb/DSC_0022-3161e.jpg]
[beverleybeaversbadminton.club/system/asset_management/assets/assets/000/000/033/full/DSC_0007-58bd1.jpg]
[beverleybeaversbadminton.club/system/asset_management/assets/assets/000/000/033/thumb/DSC_0007-58bd1.jpg]
[beverleybeaversbadminton.club/system/asset_management/assets/assets/000/000/032/full/DSC_0005-2f713.jpg]
[beverleybeaversbadminton.club/system/asset_management/assets/assets/000/000/032/thumb/DSC_0005-2f713.jpg]
[beverleybeaversbadminton.club/system/asset_management/assets/assets/000/000/034/full/DSC_0009-7bc9b.jpg]
[beverleybeaversbadminton.club/system/asset_management/assets/assets/000/000/034/thumb/DSC_0009-7bc9b.jpg]
[beverleybeaversbadminton.club/system/asset_management/assets/assets/000/000/012/full/Matty_and_Emma673d.jpg]
[beverleybeaversbadminton.club/system/asset_management/assets/assets/000/000/012/thumb/Matty_and_Emma673d.jpg]
[beverleybeaversbadminton.club/system/asset_management/assets/assets/000/000/011/full/Mark_and_Heather58f0.jpg]
[beverleybeaversbadminton.club/system/asset_management/assets/assets/000/000/011/thumb/Mark_and_Heather58f0.jpg]
[beverleybeaversbadminton.club/system/asset_management/assets/assets/000/000/014/full/winners-ali-runnersup8b84.jpg]
[beverleybeaversbadminton.club/system/asset_management/assets/assets/000/000/014/thumb/winners-ali-runnersup8b84.jpg]
[beverleybeaversbadminton.club/system/asset_management/assets/assets/000/000/026/full/DSC_0009-32118.jpg]
[beverleybeaversbadminton.club/system/asset_management/assets/assets/000/000/026/thumb/DSC_0009-32118.jpg]
[beverleybeaversbadminton.club/system/asset_management/assets/assets/000/000/027/full/DSC_0016ddb4.jpg]
[beverleybeaversbadminton.club/system/asset_management/assets/assets/000/000/027/thumb/DSC_0016ddb4.jpg]
[beverleybeaversbadminton.club/system/asset_management/assets/assets/000/000/028/full/IMG_0208ddb4.jpg]
[beverleybeaversbadminton.club/system/asset_management/assets/assets/000/000/028/thumb/IMG_0208ddb4.jpg]
[beverleybeaversbadminton.club/system/asset_management/assets/assets/000/000/029/full/IMG_02106bb2.jpg]
[beverleybeaversbadminton.club/system/asset_management/assets/assets/000/000/029/thumb/IMG_02106bb2.jpg]
[beverleybeaversbadminton.club/system/asset_management/assets/assets/000/000/030/full/IMG_0211cef8.jpg]
[www.google.com/recaptcha/api.js]
[beverleybeaversbadminton.club/system/asset_management/assets/assets/000/000/030/thumb/IMG_0211cef8.jpg]
[beverleybeaversbadminton.club/system/banners/images/000/000/002/std/beavers-t-shirt-banner4297.jpg]
[beverleybeaversbadminton.club/system/banners/images/000/000/005/std/beavers-aa-racket-banner0bb6.jpg]
[beverleybeaversbadminton.club/javascripts/backgroundsize.min.html]
[beverleybeaversbadminton.club/assets/noun_243411_cc-be5dd99e8c80af4cf32b4ffabdde5d801a4b335cca4639a8c4e9b4b03fe5fcf7.svg]
[beverleybeaversbadminton.club/assets/noun_237809_cc-44c76d44bdb3499c4f23f1f1d91a9778c956ea1310d5e9942bd3952af7c753da.svg]
[beverleybeaversbadminton.club/assets/noun_142081_cc-ab6036b45395feffe61bf2350c3c382f893d961e3c40b71e0e5d2ccdb3d57e77.svg]
[beverleybeaversbadminton.club/assets/noun_287792_cc-1e6abe064257bb56f892999765c2e03b19c13fdd7a677a9c8889ae2e606daeca.svg]
[beverleybeaversbadminton.club/assets/noun_243414_cc-adeff89ded978a6ae66c54c4fd63886c6a254574543286885fecd5f7ef665f66.svg]
[beverleybeaversbadminton.club/assets/noun_29984_cc-d6bdc822dcffc6c851ff8aabc9afe60dc8e5e2173eb0aa65b2b6338bfbe2e817.svg]
[beverleybeaversbadminton.club/assets/icons/social/share-d59fa5b09d8fc55c014adc1d994a6a9d319d20be956b70ecd28a033d758783e9.png]
[beverleybeaversbadminton.club/assets/noun_198230_cc-8b9392ede92162013b4fd5b957f9d1d701679d342d57a7068c58e5b46399de8f.svg]
[beverleybeaversbadminton.club/images/icons/move.html]
